// Jest Snapshot v1, https://goo.gl/fbAQLP

exports[`renders the Form component correctly 1`] = `
<div>
  <div
    class="container"
  >
    <form>
      <label
        for="nameId"
      >
        Your preferred name (required):
      </label>
      <br />
      <input
        id="nameId"
        name="name"
        required=""
        type="text"
      />
      <br />
      <label
        for="emailId"
      >
        Your email (required):
      </label>
      <br />
      <input
        id="emailId"
        name="email"
        placeholder="doudou@example.com"
        required=""
        type="email"
      />
      <br />
      <label
        for="phoneId"
      >
        Your phone number (required):
      </label>
      <br />
      <input
        id="phoneId"
        name="phone"
        placeholder="123-45-678"
        required=""
        type="tel"
      />
      <br />
      <label
        for="subjectId"
      >
        Subject
      </label>
      <br />
      <select
        id="subjectId"
        name="subject"
      >
        <option
          value="doesnotwork"
        >
          The recipe does'nt work.
        </option>
        <option
          value="notgood"
        >
          The taste is not good.
        </option>
        <option
          value="donotlike"
        >
          I don't like the recipe
        </option>
        <option
          value="both"
        >
          Both of above
        </option>
      </select>
      <br />
      <label
        for="tryingId"
      >
        Did you try this recipe?
      </label>
      <br />
      <select
        id="tryingId"
        name="trying"
      >
        <option
          value="Yes"
        >
          Yes
        </option>
        <option
          value="No"
        >
          No
        </option>
      </select>
      <br />
      What kind of this recipe?
      <br />
      <input
        id="recipeId1"
        name="category"
        type="radio"
        value="breakfast"
      />
      <label
        for="recipeId1"
      >
        Breakfast
      </label>
      <br />
      <input
        id="recipeId2"
        name="category"
        type="radio"
        value="lunch"
      />
      <label
        for="recipeId2"
      >
        Lunch
      </label>
      <br />
      <input
        id="recipeId3"
        name="category"
        type="radio"
        value="dinner"
      />
      <label
        for="recipeId3"
      >
        Dinner
      </label>
      <br />
      <input
        id="recipeId4"
        name="category"
        type="radio"
        value="drink"
      />
      <label
        for="recipeId4"
      >
        Drink
      </label>
      <br />
      <input
        id="recipeId5"
        name="category"
        type="radio"
        value="desert"
      />
      <label
        for="recipeId5"
      >
        Desert
      </label>
      <br />
      <label
        for="detailId"
      >
        More Detail (required, 1500 chars max):
      </label>
      <br />
      <textarea
        class="reviewTextField"
        id="detailId"
        maxlength="1000"
        name="detail"
        required=""
      />
      <br />
      <input
        type="submit"
        value="Review your inputs"
      />
    </form>
  </div>
</div>
`;
