// Jest Snapshot v1, https://goo.gl/fbAQLP

exports[`renders the ThankPage component correctly 1`] = `
<div>
  <div
    class="container"
  />
</div>
`;
